c:\users\hungnd\source\repos\exlute\exlute\x64\release\vc143.pdb
c:\users\hungnd\source\repos\exlute\exlute\x64\release\exlute.obj
c:\users\hungnd\source\repos\exlute\x64\release\exlute.exe
c:\users\hungnd\source\repos\exlute\x64\release\exlute.pdb
c:\users\hungnd\source\repos\exlute\exlute\x64\release\resource.res
c:\users\hungnd\source\repos\exlute\exlute\x64\release\exlute.res
c:\users\hungnd\source\repos\exlute\exlute\x64\release\exlute.ipdb
c:\users\hungnd\source\repos\exlute\exlute\x64\release\exlute.iobj
c:\users\hungnd\source\repos\exlute\exlute\x64\release\exlute.tlog\cl.command.1.tlog
c:\users\hungnd\source\repos\exlute\exlute\x64\release\exlute.tlog\cl.items.tlog
c:\users\hungnd\source\repos\exlute\exlute\x64\release\exlute.tlog\cl.read.1.tlog
c:\users\hungnd\source\repos\exlute\exlute\x64\release\exlute.tlog\cl.write.1.tlog
c:\users\hungnd\source\repos\exlute\exlute\x64\release\exlute.tlog\exlute.write.1u.tlog
c:\users\hungnd\source\repos\exlute\exlute\x64\release\exlute.tlog\link.command.1.tlog
c:\users\hungnd\source\repos\exlute\exlute\x64\release\exlute.tlog\link.read.1.tlog
c:\users\hungnd\source\repos\exlute\exlute\x64\release\exlute.tlog\link.secondary.1.tlog
c:\users\hungnd\source\repos\exlute\exlute\x64\release\exlute.tlog\link.write.1.tlog
c:\users\hungnd\source\repos\exlute\exlute\x64\release\exlute.tlog\rc.command.1.tlog
c:\users\hungnd\source\repos\exlute\exlute\x64\release\exlute.tlog\rc.read.1.tlog
c:\users\hungnd\source\repos\exlute\exlute\x64\release\exlute.tlog\rc.write.1.tlog
